nanosleep\(\{1, 0\}, NULL\) = 0 <(1\.[01]|0\.9)[[:digit:]]{5}>
